#
# A fatal error has been detected by the Java Runtime Environment:
#
#  EXCEPTION_ACCESS_VIOLATION (0xc0000005) at pc=0x00007fff1d7a6a17, pid=24648, tid=40200
#
# JRE version: OpenJDK Runtime Environment Microsoft-12574423 (17.0.17+10) (build 17.0.17+10-LTS)
# Java VM: OpenJDK 64-Bit Server VM Microsoft-12574423 (17.0.17+10-LTS, mixed mode, sharing, tiered, compressed oops, compressed class ptrs, g1 gc, windows-amd64)
# Problematic frame:
# C  [glass.dll+0x26a17]
#
# No core dump will be written. Minidumps are not enabled by default on client versions of Windows
#
# If you would like to submit a bug report, please visit:
#   https://github.com/microsoft/openjdk/issues
#

---------------  S U M M A R Y ------------

Command Line: -javaagent:C:\Program Files\JetBrains\IntelliJ IDEA 2025.3.2\lib\idea_rt.jar=52546 -Dfile.encoding=UTF-8 --module-path=C:\Users\Uporabnik\.m2\repository\com\google\code\gson\gson\2.10.1\gson-2.10.1.jar;C:\Users\Uporabnik\Documents\GitHub\Sistem-za-upravljanje-dijakov-v-oli\front-end\target\classes;C:\Users\Uporabnik\.m2\repository\org\openjfx\javafx-fxml\21.0.6\javafx-fxml-21.0.6-win.jar;C:\Users\Uporabnik\.m2\repository\org\openjfx\javafx-base\21.0.6\javafx-base-21.0.6-win.jar;C:\Users\Uporabnik\.m2\repository\org\openjfx\javafx-controls\21.0.6\javafx-controls-21.0.6-win.jar;C:\Users\Uporabnik\.m2\repository\org\openjfx\javafx-graphics\21.0.6\javafx-graphics-21.0.6-win.jar -Djdk.module.main=com.example.frontend com.example.frontend/com.example.frontend.Main

Host: AMD Ryzen 5 8640HS w/ Radeon 760M Graphics     , 12 cores, 15G,  Windows 11 , 64 bit Build 26100 (10.0.26100.7623)
Time: Sun Feb  8 21:45:05 2026 Srednjeevropski standardni 26100 (10.0.26100.7623) elapsed time: 1004.321467 seconds (0d 0h 16m 44s)

---------------  T H R E A D  ---------------

Current thread (0x0000011cc5058a80):  VMThread "VM Thread" [stack: 0x000000126f200000,0x000000126f300000] [id=40200]

Stack: [0x000000126f200000,0x000000126f300000],  sp=0x000000126f2ff070,  free space=1020k
Native frames: (J=compiled Java code, j=interpreted, Vv=VM code, C=native code)
C  [glass.dll+0x26a17]  (no source info available)


siginfo: EXCEPTION_ACCESS_VIOLATION (0xc0000005), reading address 0x0000000000000000


Registers:
RAX=0x0000000000000000, RBX=0x0000011cc506b2e0, RCX=0x0000011cc5058a80, RDX=0x000000126f2ff070
RSP=0x000000126f2ff070, RBP=0x000046752e53c5b1, RSI=0x0000011d0b6b6768, RDI=0x0000011d0b6b6740
R8 =0x0000000000010002, R9 =0x000046752e53c5b1, R10=0x0000011ca0530000, R11=0x0000011d0b709be0
R12=0x0000000000000001, R13=0x00007fff1d7a4360, R14=0x000000126f2ff178, R15=0x0000011d0b6b6740
RIP=0x00007fff1d7a6a17, EFLAGS=0x0000000000010202

XMM[0]=0x0000000000000000 0x0000000000000000
XMM[1]=0x0000000000000000 0x0000000000000000
XMM[2]=0x0000000000000000 0x0000000000000000
XMM[3]=0x0000000000000000 0x0000000000000000
XMM[4]=0x0000000000000000 0x0000000000000000
XMM[5]=0x0000000000000000 0x0000000000000000
XMM[6]=0x0000000000000000 0x0000000000000000
XMM[7]=0x0000000000000000 0x404e000000000000
XMM[8]=0x0000000000000000 0x0000000000000000
XMM[9]=0x0000000000000000 0x0000000000000000
XMM[10]=0x0000000000000000 0x0000000000000000
XMM[11]=0x0000000000000000 0x0000000000000000
XMM[12]=0x0000000000000000 0x0000000000000000
XMM[13]=0x0000000000000000 0x0000000000000000
XMM[14]=0x0000000000000000 0x0000000000000000
XMM[15]=0x0000000000000000 0x0000000000000000
  MXCSR=0x00001fa3


Register to memory mapping:

RIP=0x00007fff1d7a6a17 glass.dll
RAX=0x0 is NULL
RBX=0x0000011cc506b2e0 is a global jni handle
RCX=0x0000011cc5058a80 points into unknown readable memory: 0x00007ffe3ea211c8 | c8 11 a2 3e fe 7f 00 00
RDX=0x000000126f2ff070 points into unknown readable memory: 0x0000000000000000 | 00 00 00 00 00 00 00 00
RSP=0x000000126f2ff070 points into unknown readable memory: 0x0000000000000000 | 00 00 00 00 00 00 00 00
RBP=0x000046752e53c5b1 is an unknown value
RSI=0x0000011d0b6b6768 points into unknown readable memory: 0x000046752e53c5b1 | b1 c5 53 2e 75 46 00 00
RDI=0x0000011d0b6b6740 points into unknown readable memory: 0x7cf04675d1adff45 | 45 ff ad d1 75 46 f0 7c
R8 =0x0000000000010002 is an unknown value
R9 =0x000046752e53c5b1 is an unknown value
R10=0x0000011ca0530000 points into unknown readable memory: 0x0000000000000000 | 00 00 00 00 00 00 00 00
R11=0x0000011d0b709be0 points into unknown readable memory: 0x0000011d1d3f6820 | 20 68 3f 1d 1d 01 00 00
R12=0x0000000000000001 is an unknown value
R13=0x00007fff1d7a4360 glass.dll
R14=0x000000126f2ff178 points into unknown readable memory: 0x000000126f2ff160 | 60 f1 2f 6f 12 00 00 00
R15=0x0000011d0b6b6740 points into unknown readable memory: 0x7cf04675d1adff45 | 45 ff ad d1 75 46 f0 7c


Top of Stack: (sp=0x000000126f2ff070)
0x000000126f2ff070:   0000000000000000 0000011d00000000
0x000000126f2ff080:   0000011d0b5fd440 0000000000000001
0x000000126f2ff090:   0000011d0b6b6748 00007fff4425bc75
0x000000126f2ff0a0:   0000011d0b6b6740 0000011d00000000
0x000000126f2ff0b0:   0000011d0b6b6760 000046752e53c5b1
0x000000126f2ff0c0:   fffffffffffffffe 00007fff1f1e0000
0x000000126f2ff0d0:   00007fff1d780000 00007fff1d780000
0x000000126f2ff0e0:   000000126f2ff168 00007fff4425b897
0x000000126f2ff0f0:   000000126f2ff100 000000126f2ff178
0x000000126f2ff100:   000000126f2ff460 00007fff443488c0
0x000000126f2ff110:   0000000000000001 00007fff4425b84d
0x000000126f2ff120:   0000000000000000 0000000000000001
0x000000126f2ff130:   00007fff3f4ced80 000000126f2ff168
0x000000126f2ff140:   fffffffffffffffe 000000126f2ff130
0x000000126f2ff150:   0000000000000000 00007fff1d7a41ed
0x000000126f2ff160:   00007fff1d7ba008 0000000000000002
0x000000126f2ff170:   00007fff00000002 000000126f2ff160
0x000000126f2ff180:   0000000000000000 00007fff41ef0000
0x000000126f2ff190:   0000000000000000 00007fff1d7a4312
0x000000126f2ff1a0:   0000000000000001 000000007ffe0385
0x000000126f2ff1b0:   0000000000000001 00007fff465ca6af
0x000000126f2ff1c0:   000000126f2ff460 00007fff432e11fe
0x000000126f2ff1d0:   0000000000000001 0000000000000000
0x000000126f2ff1e0:   0000000000000000 000000007ffe0384
0x000000126f2ff1f0:   0000011d0b60ca50 00007fff4671f86e
0x000000126f2ff200:   00007fff1d780000 0000011d00000000
0x000000126f2ff210:   0000000000000001 000000007ffe0385
0x000000126f2ff220:   00007fff1d7a75a0 00007fff465cbcae
0x000000126f2ff230:   0000000000000000 0000000000000000
0x000000126f2ff240:   0000000000000000 0000000000000000
0x000000126f2ff250:   0000000000000000 0000000000000000
0x000000126f2ff260:   0000000000000000 0000000000000000 

Instructions: (pc=0x00007fff1d7a6a17)
0x00007fff1d7a6917:   8b 4d 58 e8 8d cf ff ff 48 8b 4d 60 e8 84 cf ff
0x00007fff1d7a6927:   ff 48 8b 95 80 00 00 00 48 8b 8d 18 01 00 00 e8
0x00007fff1d7a6937:   76 c4 ff ff 33 d2 33 c9 e8 cc e1 ff ff 90 48 89
0x00007fff1d7a6947:   54 24 10 55 48 83 ec 20 48 8b ea 48 b8 00 00 00
0x00007fff1d7a6957:   00 00 00 00 00 48 83 c4 20 5d c3 cc 40 55 48 8b
0x00007fff1d7a6967:   ea 48 8b 01 33 c9 81 38 05 00 00 c0 0f 94 c1 8b
0x00007fff1d7a6977:   c1 5d c3 cc 40 55 48 83 ec 20 48 8b ea 8a 4d 40
0x00007fff1d7a6987:   48 83 c4 20 5d e9 73 d3 ff ff cc 40 55 48 83 ec
0x00007fff1d7a6997:   20 48 8b ea 8a 4d 20 e8 61 d3 ff ff 90 48 83 c4
0x00007fff1d7a69a7:   20 5d c3 cc 40 55 48 83 ec 20 48 8b ea 48 83 c4
0x00007fff1d7a69b7:   20 5d e9 c2 d1 ff ff cc 40 55 48 83 ec 30 48 8b
0x00007fff1d7a69c7:   ea 48 8b 01 8b 10 48 89 4c 24 28 89 54 24 20 4c
0x00007fff1d7a69d7:   8d 0d 63 d6 ff ff 4c 8b 45 70 8b 55 68 48 8b 4d
0x00007fff1d7a69e7:   60 e8 03 d1 ff ff 90 48 83 c4 30 5d c3 cc cc cc
0x00007fff1d7a69f7:   cc cc cc cc cc cc cc cc cc 40 53 48 83 ec 20 48
0x00007fff1d7a6a07:   8b 1d fb 2f 01 00 48 85 db 74 16 e8 89 8f ff ff
0x00007fff1d7a6a17:   4c 8b 00 48 8b d3 48 8b c8 41 ff 90 b0 00 00 00
0x00007fff1d7a6a27:   90 48 83 c4 20 5b c3 cc cc 40 53 48 83 ec 20 48
0x00007fff1d7a6a37:   8b 1d 6b 31 01 00 48 85 db 74 57 b8 ff ff ff ff
0x00007fff1d7a6a47:   f0 0f c1 43 10 83 f8 01 75 3d 48 85 db 74 38 48
0x00007fff1d7a6a57:   8b 0b 48 85 c9 74 0d ff 15 44 08 00 00 48 c7 03
0x00007fff1d7a6a67:   00 00 00 00 48 8b 4b 08 48 85 c9 74 0d e8 33 ce
0x00007fff1d7a6a77:   ff ff 48 c7 43 08 00 00 00 00 ba 18 00 00 00 48
0x00007fff1d7a6a87:   8b cb e8 1e ce ff ff 48 c7 05 0f 31 01 00 00 00
0x00007fff1d7a6a97:   00 00 48 83 c4 20 5b c3 cc 40 53 48 83 ec 20 48
0x00007fff1d7a6aa7:   8b 1d db 30 01 00 48 85 db 74 57 b8 ff ff ff ff
0x00007fff1d7a6ab7:   f0 0f c1 43 10 83 f8 01 75 3d 48 85 db 74 38 48
0x00007fff1d7a6ac7:   8b 0b 48 85 c9 74 0d ff 15 d4 07 00 00 48 c7 03
0x00007fff1d7a6ad7:   00 00 00 00 48 8b 4b 08 48 85 c9 74 0d e8 c3 cd
0x00007fff1d7a6ae7:   ff ff 48 c7 43 08 00 00 00 00 ba 18 00 00 00 48
0x00007fff1d7a6af7:   8b cb e8 ae cd ff ff 48 c7 05 7f 30 01 00 00 00
0x00007fff1d7a6b07:   00 00 48 83 c4 20 5b c3 cc 40 53 48 83 ec 20 48 


Stack slot to memory mapping:
stack at sp + 0 slots: 0x0 is NULL
stack at sp + 1 slots: 0x0000011d00000000 is an unknown value
stack at sp + 2 slots: 0x0000011d0b5fd440 points into unknown readable memory: 0x0000011d0b709d20 | 20 9d 70 0b 1d 01 00 00
stack at sp + 3 slots: 0x0000000000000001 is an unknown value
stack at sp + 4 slots: 0x0000011d0b6b6748 points into unknown readable memory: 0x000046752e53c5b1 | b1 c5 53 2e 75 46 00 00
stack at sp + 5 slots: 0x00007fff4425bc75 ucrtbase.dll
stack at sp + 6 slots: 0x0000011d0b6b6740 points into unknown readable memory: 0x7cf04675d1adff45 | 45 ff ad d1 75 46 f0 7c
stack at sp + 7 slots: 0x0000011d00000000 is an unknown value

VM_Operation (0x000000126e9feea0): Exit, mode: safepoint, requested by thread 0x0000011d0c470aa0


---------------  P R O C E S S  ---------------

Threads class SMR info:
_java_thread_list=0x0000011d0b1d6d80, length=20, elements={
0x0000011ca2aaeb00, 0x0000011cc505d670, 0x0000011cc505e030, 0x0000011cc5075ef0,
0x0000011cc50768b0, 0x0000011cc5077a10, 0x0000011cc507a7c0, 0x0000011cc507ba10,
0x0000011cc507ebc0, 0x0000011cc5a86d10, 0x0000011d0b1da6b0, 0x0000011cc5d5dff0,
0x0000011d0b5d0200, 0x0000011d0b700790, 0x0000011d0b715f40, 0x0000011d0b72b790,
0x0000011d0c1781c0, 0x0000011d0c470080, 0x0000011d0c46ec40, 0x0000011d0c470aa0
}

Java Threads: ( => current thread )
  0x0000011ca2aaeb00 JavaThread "main" [_thread_blocked, id=19756, stack(0x000000126ec00000,0x000000126ed00000)]
  0x0000011cc505d670 JavaThread "Reference Handler" daemon [_thread_blocked, id=24600, stack(0x000000126f300000,0x000000126f400000)]
  0x0000011cc505e030 JavaThread "Finalizer" daemon [_thread_blocked, id=14380, stack(0x000000126f400000,0x000000126f500000)]
  0x0000011cc5075ef0 JavaThread "Attach Listener" daemon [_thread_blocked, id=13756, stack(0x000000126f600000,0x000000126f700000)]
  0x0000011cc50768b0 JavaThread "Service Thread" daemon [_thread_blocked, id=33824, stack(0x000000126f700000,0x000000126f800000)]
  0x0000011cc5077a10 JavaThread "Monitor Deflation Thread" daemon [_thread_blocked, id=40496, stack(0x000000126f800000,0x000000126f900000)]
  0x0000011cc507a7c0 JavaThread "C2 CompilerThread0" daemon [_thread_blocked, id=18492, stack(0x000000126f900000,0x000000126fa00000)]
  0x0000011cc507ba10 JavaThread "C1 CompilerThread0" daemon [_thread_blocked, id=26964, stack(0x000000126fa00000,0x000000126fb00000)]
  0x0000011cc507ebc0 JavaThread "Sweeper thread" daemon [_thread_blocked, id=38528, stack(0x000000126fb00000,0x000000126fc00000)]
  0x0000011cc5a86d10 JavaThread "Common-Cleaner" daemon [_thread_blocked, id=31436, stack(0x000000126fc00000,0x000000126fd00000)]
  0x0000011d0b1da6b0 JavaThread "Monitor Ctrl-Break" daemon [_thread_in_native, id=21964, stack(0x000000126ff00000,0x0000001270000000)]
  0x0000011cc5d5dff0 JavaThread "Notification Thread" daemon [_thread_blocked, id=26992, stack(0x0000001270000000,0x0000001270100000)]
  0x0000011d0b5d0200 JavaThread "QuantumRenderer-0" daemon [_thread_blocked, id=38344, stack(0x0000001270200000,0x0000001270300000)]
  0x0000011d0b700790 JavaThread "InvokeLaterDispatcher" daemon [_thread_blocked, id=25108, stack(0x0000001270300000,0x0000001270400000)]
  0x0000011d0b715f40 JavaThread "JavaFX Application Thread" [_thread_in_native, id=34808, stack(0x0000001270400000,0x0000001270500000)]
  0x0000011d0b72b790 JavaThread "Thread-1" daemon [_thread_in_native, id=39420, stack(0x000000126fd00000,0x000000126fe00000)]
  0x0000011d0c1781c0 JavaThread "JavaFX-Launcher" [_thread_blocked, id=19832, stack(0x000000126fe00000,0x000000126ff00000)]
  0x0000011d0c470080 JavaThread "Prism Font Disposer" daemon [_thread_blocked, id=32808, stack(0x0000001271900000,0x0000001271a00000)]
  0x0000011d0c46ec40 JavaThread "Cleaner-0" daemon [_thread_blocked, id=31052, stack(0x0000001271a00000,0x0000001271b00000)]
  0x0000011d0c470aa0 JavaThread "SIGINT handler" daemon [_thread_blocked, id=31340, stack(0x000000126e900000,0x000000126ea00000)]

Other Threads:
=>0x0000011cc5058a80 VMThread "VM Thread" [stack: 0x000000126f200000,0x000000126f300000] [id=40200]
  0x0000011ca07cecc0 GCTaskThread "GC Thread#0" [stack: 0x000000126ed00000,0x000000126ee00000] [id=20768]
  0x0000011d0c16d140 GCTaskThread "GC Thread#1" [stack: 0x0000001271000000,0x0000001271100000] [id=17536]
  0x0000011d0c16e220 GCTaskThread "GC Thread#2" [stack: 0x0000001271100000,0x0000001271200000] [id=2416]
  0x0000011d0c16d9b0 GCTaskThread "GC Thread#3" [stack: 0x0000001271200000,0x0000001271300000] [id=13236]
  0x0000011d0c16e7c0 GCTaskThread "GC Thread#4" [stack: 0x0000001271300000,0x0000001271400000] [id=1576]
  0x0000011d0c16e4f0 GCTaskThread "GC Thread#5" [stack: 0x0000001271400000,0x0000001271500000] [id=5064]
  0x0000011d0c16ce70 GCTaskThread "GC Thread#6" [stack: 0x0000001271b00000,0x0000001271c00000] [id=35976]
  0x0000011d0c16d6e0 GCTaskThread "GC Thread#7" [stack: 0x0000001271c00000,0x0000001271d00000] [id=31508]
  0x0000011d0c16d410 GCTaskThread "GC Thread#8" [stack: 0x0000001271d00000,0x0000001271e00000] [id=37128]
  0x0000011cc5bd9f60 GCTaskThread "GC Thread#9" [stack: 0x0000001271e00000,0x0000001271f00000] [id=912]
  0x0000011ca2b26f70 ConcurrentGCThread "G1 Main Marker" terminated
  0x0000011ca2b2a2c0 ConcurrentGCThread "G1 Conc#0" [stack: 0x000000126ef00000,0x000000126f000000] [id=30904]
  0x0000011ca2b5da80 ConcurrentGCThread "G1 Refine#0" terminated
  0x0000011ca2b5e260 ConcurrentGCThread "G1 Service" terminated

Threads with active compile tasks:

VM state: at safepoint (shutting down)

VM Mutex/Monitor currently owned by a thread:  ([mutex/lock_event])
[0x0000011ca2aa9e50] Threads_lock - owner thread: 0x0000011cc5058a80
[0x0000011ca2aaaf30] Heap_lock - owner thread: 0x0000011d0c470aa0

Heap address: 0x000000070bc00000, size: 3908 MB, Compressed Oops mode: Zero based, Oop shift amount: 3

CDS archive(s) mapped at: [0x0000011cc6000000-0x0000011cc6bb0000-0x0000011cc6bb0000), size 12255232, SharedBaseAddress: 0x0000011cc6000000, ArchiveRelocationMode: 1.
Compressed class space mapped at: 0x0000011cc7000000-0x0000011d07000000, reserved size: 1073741824
Narrow klass base: 0x0000011cc6000000, Narrow klass shift: 0, Narrow klass range: 0x100000000

GC Precious Log:
 CPUs: 12 total, 12 available
 Memory: 15624M
 Large Page Support: Disabled
 NUMA Support: Disabled
 Compressed Oops: Enabled (Zero based)
 Heap Region Size: 2M
 Heap Min Capacity: 8M
 Heap Initial Capacity: 246M
 Heap Max Capacity: 3908M
 Pre-touch: Disabled
 Parallel Workers: 10
 Concurrent Workers: 3
 Concurrent Refinement Workers: 10
 Periodic GC: Disabled

Heap:
 garbage-first heap   total 251904K, used 55382K [0x000000070bc00000, 0x0000000800000000)
  region size 2048K, 26 young (53248K), 3 survivors (6144K)
 Metaspace       used 19292K, committed 19584K, reserved 1114112K
  class space    used 2925K, committed 3072K, reserved 1048576K

Heap Regions: E=young(eden), S=young(survivor), O=old, HS=humongous(starts), HC=humongous(continues), CS=collection set, F=free, OA=open archive, CA=closed archive, TAMS=top-at-mark-start (previous, next)
|   0|0x000000070bc00000, 0x000000070be00000, 0x000000070be00000|100%|HS|  |TAMS 0x000000070bc00000, 0x000000070bc00000| Complete 
|   1|0x000000070be00000, 0x000000070be15a00, 0x000000070c000000|  4%| O|  |TAMS 0x000000070be00000, 0x000000070be00000| Untracked 
|   2|0x000000070c000000, 0x000000070c200000, 0x000000070c200000|100%|HS|  |TAMS 0x000000070c000000, 0x000000070c000000| Complete 
|   3|0x000000070c200000, 0x000000070c200000, 0x000000070c400000|  0%| F|  |TAMS 0x000000070c200000, 0x000000070c200000| Untracked 
|   4|0x000000070c400000, 0x000000070c400000, 0x000000070c600000|  0%| F|  |TAMS 0x000000070c400000, 0x000000070c400000| Untracked 
|   5|0x000000070c600000, 0x000000070c600000, 0x000000070c800000|  0%| F|  |TAMS 0x000000070c600000, 0x000000070c600000| Untracked 
|   6|0x000000070c800000, 0x000000070c800000, 0x000000070ca00000|  0%| F|  |TAMS 0x000000070c800000, 0x000000070c800000| Untracked 
|   7|0x000000070ca00000, 0x000000070ca00000, 0x000000070cc00000|  0%| F|  |TAMS 0x000000070ca00000, 0x000000070ca00000| Untracked 
|   8|0x000000070cc00000, 0x000000070cc00000, 0x000000070ce00000|  0%| F|  |TAMS 0x000000070cc00000, 0x000000070cc00000| Untracked 
|   9|0x000000070ce00000, 0x000000070ce00000, 0x000000070d000000|  0%| F|  |TAMS 0x000000070ce00000, 0x000000070ce00000| Untracked 
|  10|0x000000070d000000, 0x000000070d000000, 0x000000070d200000|  0%| F|  |TAMS 0x000000070d000000, 0x000000070d000000| Untracked 
|  11|0x000000070d200000, 0x000000070d200000, 0x000000070d400000|  0%| F|  |TAMS 0x000000070d200000, 0x000000070d200000| Untracked 
|  12|0x000000070d400000, 0x000000070d400000, 0x000000070d600000|  0%| F|  |TAMS 0x000000070d400000, 0x000000070d400000| Untracked 
|  13|0x000000070d600000, 0x000000070d600000, 0x000000070d800000|  0%| F|  |TAMS 0x000000070d600000, 0x000000070d600000| Untracked 
|  14|0x000000070d800000, 0x000000070d800000, 0x000000070da00000|  0%| F|  |TAMS 0x000000070d800000, 0x000000070d800000| Untracked 
|  15|0x000000070da00000, 0x000000070da00000, 0x000000070dc00000|  0%| F|  |TAMS 0x000000070da00000, 0x000000070da00000| Untracked 
|  16|0x000000070dc00000, 0x000000070dc00000, 0x000000070de00000|  0%| F|  |TAMS 0x000000070dc00000, 0x000000070dc00000| Untracked 
|  17|0x000000070de00000, 0x000000070de00000, 0x000000070e000000|  0%| F|  |TAMS 0x000000070de00000, 0x000000070de00000| Untracked 
|  18|0x000000070e000000, 0x000000070e000000, 0x000000070e200000|  0%| F|  |TAMS 0x000000070e000000, 0x000000070e000000| Untracked 
|  19|0x000000070e200000, 0x000000070e200000, 0x000000070e400000|  0%| F|  |TAMS 0x000000070e200000, 0x000000070e200000| Untracked 
|  20|0x000000070e400000, 0x000000070e400000, 0x000000070e600000|  0%| F|  |TAMS 0x000000070e400000, 0x000000070e400000| Untracked 
|  21|0x000000070e600000, 0x000000070e600000, 0x000000070e800000|  0%| F|  |TAMS 0x000000070e600000, 0x000000070e600000| Untracked 
|  22|0x000000070e800000, 0x000000070e800000, 0x000000070ea00000|  0%| F|  |TAMS 0x000000070e800000, 0x000000070e800000| Untracked 
|  23|0x000000070ea00000, 0x000000070ea00000, 0x000000070ec00000|  0%| F|  |TAMS 0x000000070ea00000, 0x000000070ea00000| Untracked 
|  24|0x000000070ec00000, 0x000000070ec00000, 0x000000070ee00000|  0%| F|  |TAMS 0x000000070ec00000, 0x000000070ec00000| Untracked 
|  25|0x000000070ee00000, 0x000000070ee00000, 0x000000070f000000|  0%| F|  |TAMS 0x000000070ee00000, 0x000000070ee00000| Untracked 
|  26|0x000000070f000000, 0x000000070f000000, 0x000000070f200000|  0%| F|  |TAMS 0x000000070f000000, 0x000000070f000000| Untracked 
|  27|0x000000070f200000, 0x000000070f200000, 0x000000070f400000|  0%| F|  |TAMS 0x000000070f200000, 0x000000070f200000| Untracked 
|  28|0x000000070f400000, 0x000000070f400000, 0x000000070f600000|  0%| F|  |TAMS 0x000000070f400000, 0x000000070f400000| Untracked 
|  29|0x000000070f600000, 0x000000070f600000, 0x000000070f800000|  0%| F|  |TAMS 0x000000070f600000, 0x000000070f600000| Untracked 
|  30|0x000000070f800000, 0x000000070f800000, 0x000000070fa00000|  0%| F|  |TAMS 0x000000070f800000, 0x000000070f800000| Untracked 
|  31|0x000000070fa00000, 0x000000070fa00000, 0x000000070fc00000|  0%| F|  |TAMS 0x000000070fa00000, 0x000000070fa00000| Untracked 
|  32|0x000000070fc00000, 0x000000070fc00000, 0x000000070fe00000|  0%| F|  |TAMS 0x000000070fc00000, 0x000000070fc00000| Untracked 
|  33|0x000000070fe00000, 0x000000070fe00000, 0x0000000710000000|  0%| F|  |TAMS 0x000000070fe00000, 0x000000070fe00000| Untracked 
|  34|0x0000000710000000, 0x0000000710000000, 0x0000000710200000|  0%| F|  |TAMS 0x0000000710000000, 0x0000000710000000| Untracked 
|  35|0x0000000710200000, 0x0000000710200000, 0x0000000710400000|  0%| F|  |TAMS 0x0000000710200000, 0x0000000710200000| Untracked 
|  36|0x0000000710400000, 0x0000000710400000, 0x0000000710600000|  0%| F|  |TAMS 0x0000000710400000, 0x0000000710400000| Untracked 
|  37|0x0000000710600000, 0x0000000710600000, 0x0000000710800000|  0%| F|  |TAMS 0x0000000710600000, 0x0000000710600000| Untracked 
|  38|0x0000000710800000, 0x0000000710800000, 0x0000000710a00000|  0%| F|  |TAMS 0x0000000710800000, 0x0000000710800000| Untracked 
|  39|0x0000000710a00000, 0x0000000710a00000, 0x0000000710c00000|  0%| F|  |TAMS 0x0000000710a00000, 0x0000000710a00000| Untracked 
|  40|0x0000000710c00000, 0x0000000710c00000, 0x0000000710e00000|  0%| F|  |TAMS 0x0000000710c00000, 0x0000000710c00000| Untracked 
|  41|0x0000000710e00000, 0x0000000710e00000, 0x0000000711000000|  0%| F|  |TAMS 0x0000000710e00000, 0x0000000710e00000| Untracked 
|  42|0x0000000711000000, 0x0000000711000000, 0x0000000711200000|  0%| F|  |TAMS 0x0000000711000000, 0x0000000711000000| Untracked 
|  43|0x0000000711200000, 0x0000000711200000, 0x0000000711400000|  0%| F|  |TAMS 0x0000000711200000, 0x0000000711200000| Untracked 
|  44|0x0000000711400000, 0x0000000711400000, 0x0000000711600000|  0%| F|  |TAMS 0x0000000711400000, 0x0000000711400000| Untracked 
|  45|0x0000000711600000, 0x0000000711600000, 0x0000000711800000|  0%| F|  |TAMS 0x0000000711600000, 0x0000000711600000| Untracked 
|  46|0x0000000711800000, 0x0000000711800000, 0x0000000711a00000|  0%| F|  |TAMS 0x0000000711800000, 0x0000000711800000| Untracked 
|  47|0x0000000711a00000, 0x0000000711a00000, 0x0000000711c00000|  0%| F|  |TAMS 0x0000000711a00000, 0x0000000711a00000| Untracked 
|  48|0x0000000711c00000, 0x0000000711c00000, 0x0000000711e00000|  0%| F|  |TAMS 0x0000000711c00000, 0x0000000711c00000| Untracked 
|  49|0x0000000711e00000, 0x0000000711e00000, 0x0000000712000000|  0%| F|  |TAMS 0x0000000711e00000, 0x0000000711e00000| Untracked 
|  50|0x0000000712000000, 0x0000000712000000, 0x0000000712200000|  0%| F|  |TAMS 0x0000000712000000, 0x0000000712000000| Untracked 
|  51|0x0000000712200000, 0x0000000712200000, 0x0000000712400000|  0%| F|  |TAMS 0x0000000712200000, 0x0000000712200000| Untracked 
|  52|0x0000000712400000, 0x0000000712400000, 0x0000000712600000|  0%| F|  |TAMS 0x0000000712400000, 0x0000000712400000| Untracked 
|  53|0x0000000712600000, 0x0000000712600000, 0x0000000712800000|  0%| F|  |TAMS 0x0000000712600000, 0x0000000712600000| Untracked 
|  54|0x0000000712800000, 0x0000000712800000, 0x0000000712a00000|  0%| F|  |TAMS 0x0000000712800000, 0x0000000712800000| Untracked 
|  55|0x0000000712a00000, 0x0000000712a00000, 0x0000000712c00000|  0%| F|  |TAMS 0x0000000712a00000, 0x0000000712a00000| Untracked 
|  56|0x0000000712c00000, 0x0000000712c00000, 0x0000000712e00000|  0%| F|  |TAMS 0x0000000712c00000, 0x0000000712c00000| Untracked 
|  57|0x0000000712e00000, 0x0000000712e00000, 0x0000000713000000|  0%| F|  |TAMS 0x0000000712e00000, 0x0000000712e00000| Untracked 
|  58|0x0000000713000000, 0x0000000713000000, 0x0000000713200000|  0%| F|  |TAMS 0x0000000713000000, 0x0000000713000000| Untracked 
|  59|0x0000000713200000, 0x0000000713200000, 0x0000000713400000|  0%| F|  |TAMS 0x0000000713200000, 0x0000000713200000| Untracked 
|  60|0x0000000713400000, 0x0000000713400000, 0x0000000713600000|  0%| F|  |TAMS 0x0000000713400000, 0x0000000713400000| Untracked 
|  61|0x0000000713600000, 0x0000000713600000, 0x0000000713800000|  0%| F|  |TAMS 0x0000000713600000, 0x0000000713600000| Untracked 
|  62|0x0000000713800000, 0x0000000713800000, 0x0000000713a00000|  0%| F|  |TAMS 0x0000000713800000, 0x0000000713800000| Untracked 
|  63|0x0000000713a00000, 0x0000000713a00000, 0x0000000713c00000|  0%| F|  |TAMS 0x0000000713a00000, 0x0000000713a00000| Untracked 
|  64|0x0000000713c00000, 0x0000000713c00000, 0x0000000713e00000|  0%| F|  |TAMS 0x0000000713c00000, 0x0000000713c00000| Untracked 
|  65|0x0000000713e00000, 0x0000000713e00000, 0x0000000714000000|  0%| F|  |TAMS 0x0000000713e00000, 0x0000000713e00000| Untracked 
|  66|0x0000000714000000, 0x0000000714000000, 0x0000000714200000|  0%| F|  |TAMS 0x0000000714000000, 0x0000000714000000| Untracked 
|  67|0x0000000714200000, 0x0000000714200000, 0x0000000714400000|  0%| F|  |TAMS 0x0000000714200000, 0x0000000714200000| Untracked 
|  68|0x0000000714400000, 0x0000000714400000, 0x0000000714600000|  0%| F|  |TAMS 0x0000000714400000, 0x0000000714400000| Untracked 
|  69|0x0000000714600000, 0x0000000714600000, 0x0000000714800000|  0%| F|  |TAMS 0x0000000714600000, 0x0000000714600000| Untracked 
|  70|0x0000000714800000, 0x0000000714800000, 0x0000000714a00000|  0%| F|  |TAMS 0x0000000714800000, 0x0000000714800000| Untracked 
|  71|0x0000000714a00000, 0x0000000714a00000, 0x0000000714c00000|  0%| F|  |TAMS 0x0000000714a00000, 0x0000000714a00000| Untracked 
|  72|0x0000000714c00000, 0x0000000714c00000, 0x0000000714e00000|  0%| F|  |TAMS 0x0000000714c00000, 0x0000000714c00000| Untracked 
|  73|0x0000000714e00000, 0x0000000714e00000, 0x0000000715000000|  0%| F|  |TAMS 0x0000000714e00000, 0x0000000714e00000| Untracked 
|  74|0x0000000715000000, 0x0000000715000000, 0x0000000715200000|  0%| F|  |TAMS 0x0000000715000000, 0x0000000715000000| Untracked 
|  75|0x0000000715200000, 0x0000000715200000, 0x0000000715400000|  0%| F|  |TAMS 0x0000000715200000, 0x0000000715200000| Untracked 
|  76|0x0000000715400000, 0x0000000715400000, 0x0000000715600000|  0%| F|  |TAMS 0x0000000715400000, 0x0000000715400000| Untracked 
|  77|0x0000000715600000, 0x0000000715600000, 0x0000000715800000|  0%| F|  |TAMS 0x0000000715600000, 0x0000000715600000| Untracked 
|  78|0x0000000715800000, 0x0000000715800000, 0x0000000715a00000|  0%| F|  |TAMS 0x0000000715800000, 0x0000000715800000| Untracked 
|  79|0x0000000715a00000, 0x0000000715a00000, 0x0000000715c00000|  0%| F|  |TAMS 0x0000000715a00000, 0x0000000715a00000| Untracked 
|  80|0x0000000715c00000, 0x0000000715c00000, 0x0000000715e00000|  0%| F|  |TAMS 0x0000000715c00000, 0x0000000715c00000| Untracked 
|  81|0x0000000715e00000, 0x0000000715e00000, 0x0000000716000000|  0%| F|  |TAMS 0x0000000715e00000, 0x0000000715e00000| Untracked 
|  82|0x0000000716000000, 0x0000000716000000, 0x0000000716200000|  0%| F|  |TAMS 0x0000000716000000, 0x0000000716000000| Untracked 
|  83|0x0000000716200000, 0x0000000716200000, 0x0000000716400000|  0%| F|  |TAMS 0x0000000716200000, 0x0000000716200000| Untracked 
|  84|0x0000000716400000, 0x0000000716400000, 0x0000000716600000|  0%| F|  |TAMS 0x0000000716400000, 0x0000000716400000| Untracked 
|  85|0x0000000716600000, 0x0000000716600000, 0x0000000716800000|  0%| F|  |TAMS 0x0000000716600000, 0x0000000716600000| Untracked 
|  86|0x0000000716800000, 0x0000000716800000, 0x0000000716a00000|  0%| F|  |TAMS 0x0000000716800000, 0x0000000716800000| Untracked 
|  87|0x0000000716a00000, 0x0000000716a00000, 0x0000000716c00000|  0%| F|  |TAMS 0x0000000716a00000, 0x0000000716a00000| Untracked 
|  88|0x0000000716c00000, 0x0000000716c00000, 0x0000000716e00000|  0%| F|  |TAMS 0x0000000716c00000, 0x0000000716c00000| Untracked 
|  89|0x0000000716e00000, 0x0000000716e00000, 0x0000000717000000|  0%| F|  |TAMS 0x0000000716e00000, 0x0000000716e00000| Untracked 
|  90|0x0000000717000000, 0x0000000717000000, 0x0000000717200000|  0%| F|  |TAMS 0x0000000717000000, 0x0000000717000000| Untracked 
|  91|0x0000000717200000, 0x0000000717200000, 0x0000000717400000|  0%| F|  |TAMS 0x0000000717200000, 0x0000000717200000| Untracked 
|  92|0x0000000717400000, 0x0000000717400000, 0x0000000717600000|  0%| F|  |TAMS 0x0000000717400000, 0x0000000717400000| Untracked 
|  93|0x0000000717600000, 0x0000000717600000, 0x0000000717800000|  0%| F|  |TAMS 0x0000000717600000, 0x0000000717600000| Untracked 
|  94|0x0000000717800000, 0x0000000717800000, 0x0000000717a00000|  0%| F|  |TAMS 0x0000000717800000, 0x0000000717800000| Untracked 
|  95|0x0000000717a00000, 0x0000000717a00000, 0x0000000717c00000|  0%| F|  |TAMS 0x0000000717a00000, 0x0000000717a00000| Untracked 
|  96|0x0000000717c00000, 0x0000000717c00000, 0x0000000717e00000|  0%| F|  |TAMS 0x0000000717c00000, 0x0000000717c00000| Untracked 
|  97|0x0000000717e00000, 0x0000000718000000, 0x0000000718000000|100%| E|  |TAMS 0x0000000717e00000, 0x0000000717e00000| Complete 
|  98|0x0000000718000000, 0x0000000718200000, 0x0000000718200000|100%| E|CS|TAMS 0x0000000718000000, 0x0000000718000000| Complete 
|  99|0x0000000718200000, 0x0000000718400000, 0x0000000718400000|100%| E|CS|TAMS 0x0000000718200000, 0x0000000718200000| Complete 
| 100|0x0000000718400000, 0x0000000718600000, 0x0000000718600000|100%| E|CS|TAMS 0x0000000718400000, 0x0000000718400000| Complete 
| 101|0x0000000718600000, 0x0000000718800000, 0x0000000718800000|100%| S|CS|TAMS 0x0000000718600000, 0x0000000718600000| Complete 
| 102|0x0000000718800000, 0x0000000718a00000, 0x0000000718a00000|100%| S|CS|TAMS 0x0000000718800000, 0x0000000718800000| Complete 
| 103|0x0000000718a00000, 0x0000000718c00000, 0x0000000718c00000|100%| S|CS|TAMS 0x0000000718a00000, 0x0000000718a00000| Complete 
| 104|0x0000000718c00000, 0x0000000718e00000, 0x0000000718e00000|100%| E|CS|TAMS 0x0000000718c00000, 0x0000000718c00000| Complete 
| 105|0x0000000718e00000, 0x0000000719000000, 0x0000000719000000|100%| E|CS|TAMS 0x0000000718e00000, 0x0000000718e00000| Complete 
| 106|0x0000000719000000, 0x0000000719200000, 0x0000000719200000|100%| E|CS|TAMS 0x0000000719000000, 0x0000000719000000| Complete 
| 107|0x0000000719200000, 0x0000000719400000, 0x0000000719400000|100%| E|CS|TAMS 0x0000000719200000, 0x0000000719200000| Complete 
| 108|0x0000000719400000, 0x0000000719600000, 0x0000000719600000|100%| E|CS|TAMS 0x0000000719400000, 0x0000000719400000| Complete 
| 109|0x0000000719600000, 0x0000000719800000, 0x0000000719800000|100%| E|CS|TAMS 0x0000000719600000, 0x0000000719600000| Complete 
| 110|0x0000000719800000, 0x0000000719a00000, 0x0000000719a00000|100%| E|CS|TAMS 0x0000000719800000, 0x0000000719800000| Complete 
| 111|0x0000000719a00000, 0x0000000719c00000, 0x0000000719c00000|100%| E|CS|TAMS 0x0000000719a00000, 0x0000000719a00000| Complete 
| 112|0x0000000719c00000, 0x0000000719e00000, 0x0000000719e00000|100%| E|CS|TAMS 0x0000000719c00000, 0x0000000719c00000| Complete 
| 113|0x0000000719e00000, 0x000000071a000000, 0x000000071a000000|100%| E|CS|TAMS 0x0000000719e00000, 0x0000000719e00000| Complete 
| 114|0x000000071a000000, 0x000000071a200000, 0x000000071a200000|100%| E|CS|TAMS 0x000000071a000000, 0x000000071a000000| Complete 
| 115|0x000000071a200000, 0x000000071a400000, 0x000000071a400000|100%| E|CS|TAMS 0x000000071a200000, 0x000000071a200000| Complete 
| 116|0x000000071a400000, 0x000000071a600000, 0x000000071a600000|100%| E|CS|TAMS 0x000000071a400000, 0x000000071a400000| Complete 
| 117|0x000000071a600000, 0x000000071a800000, 0x000000071a800000|100%| E|CS|TAMS 0x000000071a600000, 0x000000071a600000| Complete 
| 118|0x000000071a800000, 0x000000071aa00000, 0x000000071aa00000|100%| E|CS|TAMS 0x000000071a800000, 0x000000071a800000| Complete 
| 119|0x000000071aa00000, 0x000000071ac00000, 0x000000071ac00000|100%| E|CS|TAMS 0x000000071aa00000, 0x000000071aa00000| Complete 
| 120|0x000000071ac00000, 0x000000071ae00000, 0x000000071ae00000|100%| E|CS|TAMS 0x000000071ac00000, 0x000000071ac00000| Complete 
| 121|0x000000071ae00000, 0x000000071b000000, 0x000000071b000000|100%| E|CS|TAMS 0x000000071ae00000, 0x000000071ae00000| Complete 
| 122|0x000000071b000000, 0x000000071b200000, 0x000000071b200000|100%| E|CS|TAMS 0x000000071b000000, 0x000000071b000000| Complete 

Card table byte_map: [0x0000011cba320000,0x0000011cbaad0000] _byte_map_base: 0x0000011cb6ac2000

Marking Bits (Prev, Next): (CMBitMap*) 0x0000011ca2b15090, (CMBitMap*) 0x0000011ca2b150d0
 Prev Bits: [0x0000011cbb280000, 0x0000011cbef90000)
 Next Bits: [0x0000011cbef90000, 0x0000011cc2ca0000)

Polling page: 0x0000011ca0870000

Metaspace:

Usage:
  Non-class:     15.98 MB used.
      Class:      2.86 MB used.
       Both:     18.84 MB used.

Virtual space:
  Non-class space:       64.00 MB reserved,      16.12 MB ( 25%) committed,  1 nodes.
      Class space:        1.00 GB reserved,       3.00 MB ( <1%) committed,  1 nodes.
             Both:        1.06 GB reserved,      19.12 MB (  2%) committed. 

Chunk freelists:
   Non-Class:  15.52 MB
       Class:  12.86 MB
        Both:  28.38 MB

MaxMetaspaceSize: unlimited
CompressedClassSpaceSize: 1.00 GB
Initial GC threshold: 21.00 MB
Current GC threshold: 21.00 MB
CDS: on
MetaspaceReclaimPolicy: balanced
 - commit_granule_bytes: 65536.
 - commit_granule_words: 8192.
 - virtual_space_node_default_size: 8388608.
 - enlarge_chunks_in_place: 1.
 - new_chunks_are_fully_committed: 0.
 - uncommit_free_chunks: 1.
 - use_allocation_guard: 0.
 - handle_deallocations: 1.


Internal statistics:

num_allocs_failed_limit: 0.
num_arena_births: 228.
num_arena_deaths: 0.
num_vsnodes_births: 2.
num_vsnodes_deaths: 0.
num_space_committed: 306.
num_space_uncommitted: 0.
num_chunks_returned_to_freelist: 0.
num_chunks_taken_from_freelist: 844.
num_chunk_merges: 0.
num_chunk_splits: 614.
num_chunks_enlarged: 511.
num_inconsistent_stats: 0.

CodeHeap 'non-profiled nmethods': size=120000Kb used=2270Kb max_used=2270Kb free=117730Kb
 bounds [0x0000011cb20f0000, 0x0000011cb2360000, 0x0000011cb9620000]
CodeHeap 'profiled nmethods': size=120000Kb used=8785Kb max_used=8785Kb free=111214Kb
 bounds [0x0000011caa620000, 0x0000011caaec0000, 0x0000011cb1b50000]
CodeHeap 'non-nmethods': size=5760Kb used=1473Kb max_used=1523Kb free=4286Kb
 bounds [0x0000011cb1b50000, 0x0000011cb1dc0000, 0x0000011cb20f0000]
 total_blobs=5184 nmethods=4356 adapters=740
 compilation: enabled
              stopped_count=0, restarted_count=0
 full_count=0

Compilation events (20 events):
Event: 78.950 Thread 0x0000011cc507ba10 4348       3       com.sun.scenario.animation.shared.SingleLoopClipEnvelope::setCycleCount (31 bytes)
Event: 78.950 Thread 0x0000011cc507ba10 nmethod 4348 0x0000011caaeb2890 code [0x0000011caaeb2a40, 0x0000011caaeb2c28]
Event: 79.175 Thread 0x0000011cc507ba10 4349       3       com.sun.scenario.animation.shared.SingleLoopClipEnvelope::setCycleDuration (30 bytes)
Event: 79.176 Thread 0x0000011cc507ba10 nmethod 4349 0x0000011caaeb2d10 code [0x0000011caaeb2f20, 0x0000011caaeb33f8]
Event: 79.176 Thread 0x0000011cc507ba10 4350       3       com.sun.scenario.animation.shared.SingleLoopClipEnvelope::setAutoReverse (1 bytes)
Event: 79.176 Thread 0x0000011cc507ba10 nmethod 4350 0x0000011caaeb3610 code [0x0000011caaeb37a0, 0x0000011caaeb38b8]
Event: 79.176 Thread 0x0000011cc507ba10 4351       3       java.util.stream.AbstractPipeline::<init> (91 bytes)
Event: 79.176 Thread 0x0000011cc507ba10 nmethod 4351 0x0000011caaeb3990 code [0x0000011caaeb3b80, 0x0000011caaeb4218]
Event: 79.253 Thread 0x0000011cc507ba10 4352       3       javafx.event.ActionEvent::getEventType (5 bytes)
Event: 79.253 Thread 0x0000011cc507ba10 nmethod 4352 0x0000011caaeb4410 code [0x0000011caaeb45a0, 0x0000011caaeb46b8]
Event: 80.759 Thread 0x0000011cc507a7c0 4353       4       com.sun.javafx.event.CompositeEventHandler::find (44 bytes)
Event: 80.760 Thread 0x0000011cc507a7c0 nmethod 4353 0x0000011cb2324d90 code [0x0000011cb2324f20, 0x0000011cb2325038]
Event: 80.977 Thread 0x0000011cc507a7c0 4354       4       com.sun.javafx.geom.transform.Identity::inverseTransform (20 bytes)
Event: 80.978 Thread 0x0000011cc507a7c0 nmethod 4354 0x0000011cb2325110 code [0x0000011cb23252a0, 0x0000011cb2325378]
Event: 81.319 Thread 0x0000011cc507a7c0 4355       4       javafx.scene.Node::sceneToLocal (21 bytes)
Event: 81.325 Thread 0x0000011cc507a7c0 nmethod 4355 0x0000011cb2325490 code [0x0000011cb2325680, 0x0000011cb2325ae8]
Event: 84.251 Thread 0x0000011cc507a7c0 4356       4       com.sun.javafx.tk.quantum.QuantumToolkit::postPulse (133 bytes)
Event: 84.256 Thread 0x0000011cc507a7c0 nmethod 4356 0x0000011cb2325f90 code [0x0000011cb2326160, 0x0000011cb2326718]
Event: 86.810 Thread 0x0000011cc507a7c0 4357       4       com.sun.javafx.tk.quantum.QuantumToolkit$$Lambda$88/0x0000011cc7038ea0::run (8 bytes)
Event: 86.815 Thread 0x0000011cc507a7c0 nmethod 4357 0x0000011cb2326b10 code [0x0000011cb2326ce0, 0x0000011cb2327308]

GC Heap History (4 events):
Event: 0.827 GC heap before
{Heap before GC invocations=0 (full 0):
 garbage-first heap   total 251904K, used 20480K [0x000000070bc00000, 0x0000000800000000)
  region size 2048K, 11 young (22528K), 0 survivors (0K)
 Metaspace       used 5218K, committed 5376K, reserved 1114112K
  class space    used 595K, committed 640K, reserved 1048576K
}
Event: 0.830 GC heap after
{Heap after GC invocations=1 (full 0):
 garbage-first heap   total 251904K, used 3228K [0x000000070bc00000, 0x0000000800000000)
  region size 2048K, 2 young (4096K), 2 survivors (4096K)
 Metaspace       used 5218K, committed 5376K, reserved 1114112K
  class space    used 595K, committed 640K, reserved 1048576K
}
Event: 6.147 GC heap before
{Heap before GC invocations=1 (full 0):
 garbage-first heap   total 251904K, used 40092K [0x000000070bc00000, 0x0000000800000000)
  region size 2048K, 19 young (38912K), 2 survivors (4096K)
 Metaspace       used 13918K, committed 14208K, reserved 1114112K
  class space    used 2169K, committed 2304K, reserved 1048576K
}
Event: 6.152 GC heap after
{Heap after GC invocations=2 (full 0):
 garbage-first heap   total 251904K, used 8278K [0x000000070bc00000, 0x0000000800000000)
  region size 2048K, 3 young (6144K), 3 survivors (6144K)
 Metaspace       used 13918K, committed 14208K, reserved 1114112K
  class space    used 2169K, committed 2304K, reserved 1048576K
}

Dll operation events (20 events):
Event: 0.457 Loaded shared library C:\Users\Uporabnik\.openjfx\cache\21.0.6+3\amd64\api-ms-win-crt-locale-l1-1-0.dll
Event: 0.461 Loaded shared library C:\Users\Uporabnik\.openjfx\cache\21.0.6+3\amd64\api-ms-win-crt-math-l1-1-0.dll
Event: 0.465 Loaded shared library C:\Users\Uporabnik\.openjfx\cache\21.0.6+3\amd64\api-ms-win-crt-multibyte-l1-1-0.dll
Event: 0.468 Loaded shared library C:\Users\Uporabnik\.openjfx\cache\21.0.6+3\amd64\api-ms-win-crt-private-l1-1-0.dll
Event: 0.471 Loaded shared library C:\Users\Uporabnik\.openjfx\cache\21.0.6+3\amd64\api-ms-win-crt-process-l1-1-0.dll
Event: 0.474 Loaded shared library C:\Users\Uporabnik\.openjfx\cache\21.0.6+3\amd64\api-ms-win-crt-runtime-l1-1-0.dll
Event: 0.477 Loaded shared library C:\Users\Uporabnik\.openjfx\cache\21.0.6+3\amd64\api-ms-win-crt-stdio-l1-1-0.dll
Event: 0.479 Loaded shared library C:\Users\Uporabnik\.openjfx\cache\21.0.6+3\amd64\api-ms-win-crt-string-l1-1-0.dll
Event: 0.482 Loaded shared library C:\Users\Uporabnik\.openjfx\cache\21.0.6+3\amd64\api-ms-win-crt-time-l1-1-0.dll
Event: 0.484 Loaded shared library C:\Users\Uporabnik\.openjfx\cache\21.0.6+3\amd64\api-ms-win-crt-utility-l1-1-0.dll
Event: 0.501 Loaded shared library C:\Users\Uporabnik\.openjfx\cache\21.0.6+3\amd64\ucrtbase.dll
Event: 0.505 Loaded shared library C:\Users\Uporabnik\.openjfx\cache\21.0.6+3\amd64\vcruntime140.dll
Event: 0.509 Loaded shared library C:\Users\Uporabnik\.openjfx\cache\21.0.6+3\amd64\vcruntime140_1.dll
Event: 0.517 Loaded shared library C:\Users\Uporabnik\.openjfx\cache\21.0.6+3\amd64\msvcp140.dll
Event: 0.520 Loaded shared library C:\Users\Uporabnik\.openjfx\cache\21.0.6+3\amd64\msvcp140_1.dll
Event: 0.526 Loaded shared library C:\Users\Uporabnik\.openjfx\cache\21.0.6+3\amd64\msvcp140_2.dll
Event: 0.565 Loaded shared library C:\Users\Uporabnik\.openjfx\cache\21.0.6+3\amd64\prism_d3d.dll
Event: 0.628 Loaded shared library C:\Users\Uporabnik\.openjfx\cache\21.0.6+3\amd64\glass.dll
Event: 0.909 Loaded shared library C:\Users\Uporabnik\.openjfx\cache\21.0.6+3\amd64\javafx_font.dll
Event: 1.026 Loaded shared library C:\Users\Uporabnik\.jdks\ms-17.0.17\bin\jimage.dll

Deoptimization events (20 events):
Event: 56.777 Thread 0x0000011d0b715f40 Uncommon trap: trap_request=0xfffffff4 fr.pc=0x0000011cb220b488 relative=0x00000000000000e8
Event: 56.777 Thread 0x0000011d0b715f40 Uncommon trap: reason=null_check action=make_not_entrant pc=0x0000011cb220b488 method=javafx.scene.Node$MiscProperties.getClip()Ljavafx/scene/Node; @ 20 c2
Event: 56.777 Thread 0x0000011d0b715f40 DEOPT PACKING pc=0x0000011cb220b488 sp=0x00000012704f7ea0
Event: 56.777 Thread 0x0000011d0b715f40 DEOPT UNPACKING pc=0x0000011cb1baa1a3 sp=0x00000012704f7dd0 mode 2
Event: 57.575 Thread 0x0000011d0b715f40 Uncommon trap: trap_request=0xffffff45 fr.pc=0x0000011cb22f9664 relative=0x00000000000000c4
Event: 57.575 Thread 0x0000011d0b715f40 Uncommon trap: reason=unstable_if action=reinterpret pc=0x0000011cb22f9664 method=com.sun.javafx.event.CompositeEventDispatcher.dispatchCapturingEvent(Ljavafx/event/Event;)Ljavafx/event/Event; @ 19 c2
Event: 57.575 Thread 0x0000011d0b715f40 DEOPT PACKING pc=0x0000011cb22f9664 sp=0x00000012704f9500
Event: 57.575 Thread 0x0000011d0b715f40 DEOPT UNPACKING pc=0x0000011cb1baa1a3 sp=0x00000012704f9488 mode 2
Event: 57.575 Thread 0x0000011d0b715f40 Uncommon trap: trap_request=0xffffff45 fr.pc=0x0000011cb22f90a0 relative=0x00000000000001e0
Event: 57.575 Thread 0x0000011d0b715f40 Uncommon trap: reason=unstable_if action=reinterpret pc=0x0000011cb22f90a0 method=com.sun.javafx.event.BasicEventDispatcher.dispatchEvent(Ljavafx/event/Event;Ljavafx/event/EventDispatchChain;)Ljavafx/event/Event; @ 10 c2
Event: 57.575 Thread 0x0000011d0b715f40 DEOPT PACKING pc=0x0000011cb22f90a0 sp=0x00000012704f9530
Event: 57.575 Thread 0x0000011d0b715f40 DEOPT UNPACKING pc=0x0000011cb1baa1a3 sp=0x00000012704f94e8 mode 2
Event: 72.362 Thread 0x0000011d0b715f40 Uncommon trap: trap_request=0xffffff6e fr.pc=0x0000011cb23027f8 relative=0x0000000000002738
Event: 72.362 Thread 0x0000011d0b715f40 Uncommon trap: reason=loop_limit_check action=maybe_recompile pc=0x0000011cb23027f8 method=com.sun.javafx.css.SelectorPartitioning.match(Ljava/lang/String;Ljava/lang/String;Ljava/util/Set;)Ljava/util/List; @ 164 c2
Event: 72.362 Thread 0x0000011d0b715f40 DEOPT PACKING pc=0x0000011cb23027f8 sp=0x00000012704f7fd0
Event: 72.362 Thread 0x0000011d0b715f40 DEOPT UNPACKING pc=0x0000011cb1baa1a3 sp=0x00000012704f7f98 mode 2
Event: 72.363 Thread 0x0000011d0b715f40 Uncommon trap: trap_request=0xffffff6e fr.pc=0x0000011cb22f5fc0 relative=0x0000000000001ea0
Event: 72.363 Thread 0x0000011d0b715f40 Uncommon trap: reason=loop_limit_check action=maybe_recompile pc=0x0000011cb22f5fc0 method=com.sun.javafx.css.SelectorPartitioning.match(Ljava/lang/String;Ljava/lang/String;Ljava/util/Set;)Ljava/util/List; @ 164 c2
Event: 72.363 Thread 0x0000011d0b715f40 DEOPT PACKING pc=0x0000011cb22f5fc0 sp=0x00000012704f7e80
Event: 72.363 Thread 0x0000011d0b715f40 DEOPT UNPACKING pc=0x0000011cb1baa1a3 sp=0x00000012704f7e18 mode 2

Classes loaded (20 events):
Event: 43.233 Loading class java/time/zone/TzdbZoneRulesProvider
Event: 43.233 Loading class java/time/zone/TzdbZoneRulesProvider done
Event: 43.236 Loading class java/time/zone/Ser
Event: 43.236 Loading class java/io/Externalizable
Event: 43.236 Loading class java/io/Externalizable done
Event: 43.236 Loading class java/time/zone/Ser done
Event: 43.237 Loading class java/time/Month
Event: 43.237 Loading class java/time/Month done
Event: 43.237 Loading class java/time/DayOfWeek
Event: 43.237 Loading class java/time/DayOfWeek done
Event: 43.237 Loading class java/time/zone/ZoneOffsetTransitionRule$TimeDefinition
Event: 43.237 Loading class java/time/zone/ZoneOffsetTransitionRule$TimeDefinition done
Event: 43.237 Loading class java/time/zone/ZoneOffsetTransition
Event: 43.237 Loading class java/time/zone/ZoneOffsetTransition done
Event: 43.238 Loading class java/time/temporal/TemporalAdjusters
Event: 43.238 Loading class java/time/temporal/TemporalAdjusters done
Event: 43.239 Loading class java/time/zone/ZoneOffsetTransitionRule$1
Event: 43.239 Loading class java/time/zone/ZoneOffsetTransitionRule$1 done
Event: 1003.770 Loading class jdk/internal/misc/Signal$1
Event: 1003.770 Loading class jdk/internal/misc/Signal$1 done

Classes unloaded (0 events):
No events

Classes redefined (0 events):
No events

Internal exceptions (20 events):
Event: 33.478 Thread 0x0000011d0b715f40 Exception <a 'java/io/FileNotFoundException'{0x000000071981eac8}> (0x000000071981eac8) 
thrown [s\src\hotspot\share\prims\jni.cpp, line 516]
Event: 33.478 Thread 0x0000011d0b715f40 Exception <a 'java/io/FileNotFoundException'{0x0000000719820688}> (0x0000000719820688) 
thrown [s\src\hotspot\share\prims\jni.cpp, line 516]
Event: 33.479 Thread 0x0000011d0b715f40 Exception <a 'java/io/FileNotFoundException'{0x0000000719822260}> (0x0000000719822260) 
thrown [s\src\hotspot\share\prims\jni.cpp, line 516]
Event: 33.479 Thread 0x0000011d0b715f40 Exception <a 'java/io/FileNotFoundException'{0x0000000719823e20}> (0x0000000719823e20) 
thrown [s\src\hotspot\share\prims\jni.cpp, line 516]
Event: 33.589 Thread 0x0000011d0b5d0200 Implicit null exception at 0x0000011cb2200500 to 0x0000011cb2200ecc
Event: 33.628 Thread 0x0000011d0b5d0200 Exception <a 'java/lang/NoSuchMethodError'{0x0000000719962ed0}: 'java.lang.Object java.lang.invoke.DirectMethodHandle$Holder.invokeStaticInit(java.lang.Object, int)'> (0x0000000719962ed0) 
thrown [s\src\hotspot\share\interpreter\linkResolver.cpp, line 759]
Event: 35.056 Thread 0x0000011d0b715f40 Exception <a 'java/lang/NoSuchMethodError'{0x00000007198b3e20}: 'java.lang.Object java.lang.invoke.DirectMethodHandle$Holder.newInvokeSpecial(java.lang.Object, java.lang.Object, java.lang.Object, double, double, double, double, int, int, int, int, int, int, int, int, int)'> (0x00000007198b3e20) 
thrown [s\src\hotspot\share\interpreter\linkResolver.cpp, line 759]
Event: 43.236 Thread 0x0000011d0b715f40 Exception <a 'sun/nio/fs/WindowsException'{0x00000007192b1b50}> (0x00000007192b1b50) 
thrown [s\src\hotspot\share\prims\jni.cpp, line 516]
Event: 43.238 Thread 0x0000011d0b715f40 Exception <a 'java/lang/NoSuchMethodError'{0x00000007192b71d0}: 'java.lang.Object java.lang.invoke.DirectMethodHandle$Holder.invokeStatic(java.lang.Object, int, java.lang.Object)'> (0x00000007192b71d0) 
thrown [s\src\hotspot\share\interpreter\linkResolver.cpp, line 759]
Event: 43.243 Thread 0x0000011d0b715f40 Exception <a 'java/lang/NoSuchMethodError'{0x00000007192d9bc0}: 'java.lang.Object java.lang.invoke.DirectMethodHandle$Holder.newInvokeSpecial(java.lang.Object, java.lang.Object, java.lang.Object, java.lang.Object, java.lang.Object, java.lang.Object, java.lang.Object, java.lang.Object)'> (0x00000007192d9bc0) 
thrown [s\src\hotspot\share\interpreter\linkResolver.cpp, line 759]
Event: 43.243 Thread 0x0000011d0b715f40 Exception <a 'java/lang/NoSuchMethodError'{0x00000007192df2e0}: 'java.lang.Object java.lang.invoke.DirectMethodHandle$Holder.invokeSpecial(java.lang.Object, java.lang.Object, java.lang.Object, java.lang.Object, java.lang.Object, java.lang.Object, java.lang.Object, java.lang.Object, java.lang.Object)'> (0x00000007192df2e0) 
thrown [s\src\hotspot\share\interpreter\linkResolver.cpp, line 759]
Event: 43.243 Thread 0x0000011d0b715f40 Exception <a 'java/lang/NoSuchMethodError'{0x00000007192e4760}: 'java.lang.Object java.lang.invoke.Invokers$Holder.linkToTargetMethod(java.lang.Object, java.lang.Object, java.lang.Object, java.lang.Object, java.lang.Object, java.lang.Object, java.lang.Object, java.lang.Object)'> (0x00000007192e4760) 
thrown [s\src\hotspot\share\interpreter\linkResolver.cpp, line 759]
Event: 43.359 Thread 0x0000011d0b715f40 Exception <a 'java/lang/NoSuchMethodError'{0x0000000718f2b340}: 'void java.lang.invoke.DirectMethodHandle$Holder.invokeSpecial(java.lang.Object, java.lang.Object, int, int)'> (0x0000000718f2b340) 
thrown [s\src\hotspot\share\interpreter\linkResolver.cpp, line 759]
Event: 43.360 Thread 0x0000011d0b715f40 Exception <a 'java/lang/NoSuchMethodError'{0x0000000718f32318}: 'java.lang.Object java.lang.invoke.DirectMethodHandle$Holder.newInvokeSpecial(java.lang.Object, java.lang.Object, int, int)'> (0x0000000718f32318) 
thrown [s\src\hotspot\share\interpreter\linkResolver.cpp, line 759]
Event: 46.458 Thread 0x0000011d0b715f40 Implicit null exception at 0x0000011cb2233fc6 to 0x0000011cb22346a0
Event: 46.458 Thread 0x0000011d0b715f40 Implicit null exception at 0x0000011cb22c9fa2 to 0x0000011cb22c9ffc
Event: 56.777 Thread 0x0000011d0b715f40 Implicit null exception at 0x0000011cb220b422 to 0x0000011cb220b47c
Event: 70.959 Thread 0x0000011d0b715f40 Exception <a 'java/lang/NoSuchMethodError'{0x00000007183da168}: 'java.lang.Object java.lang.invoke.DirectMethodHandle$Holder.newInvokeSpecial(java.lang.Object, java.lang.Object, int, int, int, int, int, java.lang.Object)'> (0x00000007183da168) 
thrown [s\src\hotspot\share\interpreter\linkResolver.cpp, line 759]
Event: 70.960 Thread 0x0000011d0b715f40 Exception <a 'java/lang/NoSuchMethodError'{0x00000007183edbe0}: 'java.lang.Object java.lang.invoke.DirectMethodHandle$Holder.newInvokeSpecial(java.lang.Object, java.lang.Object, java.lang.Object, int, int, int, int, int)'> (0x00000007183edbe0) 
thrown [s\src\hotspot\share\interpreter\linkResolver.cpp, line 759]
Event: 70.961 Thread 0x0000011d0b715f40 Exception <a 'java/lang/NoSuchMethodError'{0x00000007183f5ee0}: 'java.lang.Object java.lang.invoke.Invokers$Holder.linkToTargetMethod(java.lang.Object, java.lang.Object, int, int, int, int, int, java.lang.Object)'> (0x00000007183f5ee0) 
thrown [s\src\hotspot\share\interpreter\linkResolver.cpp, line 759]

VM Operations (20 events):
Event: 56.551 Executing VM operation: Cleanup done
Event: 57.551 Executing VM operation: Cleanup
Event: 57.551 Executing VM operation: Cleanup done
Event: 58.552 Executing VM operation: Cleanup
Event: 58.552 Executing VM operation: Cleanup done
Event: 59.553 Executing VM operation: Cleanup
Event: 59.553 Executing VM operation: Cleanup done
Event: 60.035 Executing VM operation: HandshakeAllThreads
Event: 60.036 Executing VM operation: HandshakeAllThreads done
Event: 68.040 Executing VM operation: Cleanup
Event: 68.040 Executing VM operation: Cleanup done
Event: 72.042 Executing VM operation: Cleanup
Event: 72.042 Executing VM operation: Cleanup done
Event: 74.043 Executing VM operation: Cleanup
Event: 74.043 Executing VM operation: Cleanup done
Event: 77.044 Executing VM operation: Cleanup
Event: 77.044 Executing VM operation: Cleanup done
Event: 80.046 Executing VM operation: Cleanup
Event: 80.046 Executing VM operation: Cleanup done
Event: 1003.774 Executing VM operation: Exit

Memory protections (0 events):
No events

Nmethod flushes (0 events):
No events

Events (20 events):
Event: 36.352 Thread 0x0000011cc507ba10 Thread added: 0x0000011d0cb0b8d0
Event: 36.729 Thread 0x0000011d0cb0b8d0 Thread exited: 0x0000011d0cb0b8d0
Event: 43.255 Thread 0x0000011cc507ba10 Thread added: 0x0000011cc5cd8670
Event: 43.334 Thread 0x0000011cc507ba10 Thread added: 0x0000011d1d19f870
Event: 44.163 Thread 0x0000011d1d19f870 Thread exited: 0x0000011d1d19f870
Event: 44.163 Thread 0x0000011cc5cd8670 Thread exited: 0x0000011cc5cd8670
Event: 45.156 Thread 0x0000011cc507ba10 Thread added: 0x0000011d1d19f870
Event: 45.692 Thread 0x0000011d1d19f870 Thread exited: 0x0000011d1d19f870
Event: 46.469 Thread 0x0000011cc507ba10 Thread added: 0x0000011d1d19f870
Event: 46.830 Thread 0x0000011d1d19f870 Thread exited: 0x0000011d1d19f870
Event: 72.371 Thread 0x0000011cc507ba10 Thread added: 0x0000011cc5a4edc0
Event: 76.126 Thread 0x0000011cc5a4edc0 Thread exited: 0x0000011cc5a4edc0
Event: 93.193 Thread 0x0000011d0c4714c0 Thread exited: 0x0000011d0c4714c0
Event: 1003.770 Thread 0x0000011cc5075530 Thread added: 0x0000011d0c470aa0
Event: 1003.771 Thread 0x0000011d0c470aa0 Thread added: 0x0000011d0c46f660
Event: 1003.771 Thread 0x0000011d0c470aa0 Thread added: 0x0000011d0c470590
Event: 1003.771 Thread 0x0000011d0c470590 Thread exited: 0x0000011d0c470590
Event: 1003.774 Thread 0x0000011d0c46f660 Thread exited: 0x0000011d0c46f660
Event: 1003.774 Thread 0x0000011d0c470aa0 Before exit entered
Event: 1003.774 Thread 0x0000011cc5075530 Thread exited: 0x0000011cc5075530


Dynamic libraries:
0x00007ff6ede10000 - 0x00007ff6ede1e000 	C:\Users\Uporabnik\.jdks\ms-17.0.17\bin\java.exe
0x00007fff465c0000 - 0x00007fff46827000 	C:\Windows\SYSTEM32\ntdll.dll
0x00007fff450c0000 - 0x00007fff45189000 	C:\Windows\System32\KERNEL32.DLL
0x00007fff43be0000 - 0x00007fff43fcf000 	C:\Windows\System32\KERNELBASE.dll
0x00007fff44210000 - 0x00007fff4435b000 	C:\Windows\System32\ucrtbase.dll
0x00007fff30600000 - 0x00007fff30618000 	C:\Users\Uporabnik\.jdks\ms-17.0.17\bin\jli.dll
0x00007fff460c0000 - 0x00007fff46285000 	C:\Windows\System32\USER32.dll
0x00007fff437d0000 - 0x00007fff437f7000 	C:\Windows\System32\win32u.dll
0x00007fff46430000 - 0x00007fff4645b000 	C:\Windows\System32\GDI32.dll
0x00007fff2ef40000 - 0x00007fff2ef5e000 	C:\Users\Uporabnik\.jdks\ms-17.0.17\bin\VCRUNTIME140.dll
0x00007fff43940000 - 0x00007fff43a6c000 	C:\Windows\System32\gdi32full.dll
0x00007fff44160000 - 0x00007fff44203000 	C:\Windows\System32\msvcp_win.dll
0x00007fff31d60000 - 0x00007fff31ff3000 	C:\Windows\WinSxS\amd64_microsoft.windows.common-controls_6595b64144ccf1df_6.0.26100.7309_none_3e05feeae336a044\COMCTL32.dll
0x00007fff45190000 - 0x00007fff45239000 	C:\Windows\System32\msvcrt.dll
0x00007fff45a60000 - 0x00007fff45a91000 	C:\Windows\System32\IMM32.DLL
0x00007fff34ce0000 - 0x00007fff34cec000 	C:\Users\Uporabnik\.jdks\ms-17.0.17\bin\vcruntime140_1.dll
0x00007ffe96f90000 - 0x00007ffe97019000 	C:\Users\Uporabnik\.jdks\ms-17.0.17\bin\msvcp140.dll
0x00007ffe3e020000 - 0x00007ffe3ec9a000 	C:\Users\Uporabnik\.jdks\ms-17.0.17\bin\server\jvm.dll
0x00007fff45990000 - 0x00007fff45a44000 	C:\Windows\System32\ADVAPI32.dll
0x00007fff44550000 - 0x00007fff445f6000 	C:\Windows\System32\sechost.dll
0x00007fff46460000 - 0x00007fff46578000 	C:\Windows\System32\RPCRT4.dll
0x00007fff45aa0000 - 0x00007fff45b14000 	C:\Windows\System32\WS2_32.dll
0x00007fff43570000 - 0x00007fff435ce000 	C:\Windows\SYSTEM32\POWRPROF.dll
0x00007fff38070000 - 0x00007fff380a5000 	C:\Windows\SYSTEM32\WINMM.dll
0x00007fff380b0000 - 0x00007fff380bb000 	C:\Windows\SYSTEM32\VERSION.dll
0x00007fff43550000 - 0x00007fff43564000 	C:\Windows\SYSTEM32\UMPDC.dll
0x00007fff424c0000 - 0x00007fff424db000 	C:\Windows\SYSTEM32\kernel.appcore.dll
0x00007fff34c80000 - 0x00007fff34c8a000 	C:\Users\Uporabnik\.jdks\ms-17.0.17\bin\jimage.dll
0x00007fff40d40000 - 0x00007fff40f82000 	C:\Windows\SYSTEM32\DBGHELP.DLL
0x00007fff45b40000 - 0x00007fff45ec6000 	C:\Windows\System32\combase.dll
0x00007fff44e50000 - 0x00007fff44f26000 	C:\Windows\System32\OLEAUT32.dll
0x00007fff2c950000 - 0x00007fff2c98c000 	C:\Windows\SYSTEM32\dbgcore.DLL
0x00007fff43800000 - 0x00007fff438a5000 	C:\Windows\System32\bcryptPrimitives.dll
0x00007fff306e0000 - 0x00007fff306ef000 	C:\Users\Uporabnik\.jdks\ms-17.0.17\bin\instrument.dll
0x00007fff2eed0000 - 0x00007fff2eef6000 	C:\Users\Uporabnik\.jdks\ms-17.0.17\bin\java.dll
0x00007ffe4d370000 - 0x00007ffe4d446000 	C:\Users\Uporabnik\.jdks\ms-17.0.17\bin\jsvml.dll
0x00007fff44600000 - 0x00007fff44d53000 	C:\Windows\System32\SHELL32.dll
0x00007fff43a70000 - 0x00007fff43bda000 	C:\Windows\System32\wintypes.dll
0x00007fff412f0000 - 0x00007fff41b4e000 	C:\Windows\SYSTEM32\windows.storage.dll
0x00007fff45240000 - 0x00007fff45335000 	C:\Windows\System32\SHCORE.dll
0x00007fff44d90000 - 0x00007fff44df6000 	C:\Windows\System32\shlwapi.dll
0x00007fff43630000 - 0x00007fff43659000 	C:\Windows\SYSTEM32\profapi.dll
0x00007fff2e560000 - 0x00007fff2e57b000 	C:\Users\Uporabnik\.jdks\ms-17.0.17\bin\net.dll
0x00007fff3b2f0000 - 0x00007fff3b418000 	C:\Windows\SYSTEM32\WINHTTP.dll
0x00007fff42a30000 - 0x00007fff42a9b000 	C:\Windows\system32\mswsock.dll
0x00007fff21170000 - 0x00007fff21186000 	C:\Users\Uporabnik\.jdks\ms-17.0.17\bin\nio.dll
0x00007fff2ef20000 - 0x00007fff2ef38000 	C:\Users\Uporabnik\.jdks\ms-17.0.17\bin\zip.dll
0x0000011ca08b0000 - 0x0000011ca08b3000 	C:\Users\Uporabnik\.openjfx\cache\21.0.6+3\amd64\api-ms-win-core-console-l1-1-0.dll
0x0000011ca08c0000 - 0x0000011ca08c3000 	C:\Users\Uporabnik\.openjfx\cache\21.0.6+3\amd64\api-ms-win-core-console-l1-2-0.dll
0x0000011ca08d0000 - 0x0000011ca08d3000 	C:\Users\Uporabnik\.openjfx\cache\21.0.6+3\amd64\api-ms-win-core-datetime-l1-1-0.dll
0x0000011ca0970000 - 0x0000011ca0973000 	C:\Users\Uporabnik\.openjfx\cache\21.0.6+3\amd64\api-ms-win-core-debug-l1-1-0.dll
0x0000011ca0980000 - 0x0000011ca0983000 	C:\Users\Uporabnik\.openjfx\cache\21.0.6+3\amd64\api-ms-win-core-errorhandling-l1-1-0.dll
0x0000011ca0990000 - 0x0000011ca0994000 	C:\Users\Uporabnik\.openjfx\cache\21.0.6+3\amd64\api-ms-win-core-file-l1-1-0.dll
0x0000011ca29a0000 - 0x0000011ca29a3000 	C:\Users\Uporabnik\.openjfx\cache\21.0.6+3\amd64\api-ms-win-core-file-l1-2-0.dll
0x0000011ca29b0000 - 0x0000011ca29b3000 	C:\Users\Uporabnik\.openjfx\cache\21.0.6+3\amd64\api-ms-win-core-file-l2-1-0.dll
0x0000011ca29c0000 - 0x0000011ca29c3000 	C:\Users\Uporabnik\.openjfx\cache\21.0.6+3\amd64\api-ms-win-core-handle-l1-1-0.dll
0x0000011ca29d0000 - 0x0000011ca29d3000 	C:\Users\Uporabnik\.openjfx\cache\21.0.6+3\amd64\api-ms-win-core-heap-l1-1-0.dll
0x0000011ca29e0000 - 0x0000011ca29e3000 	C:\Users\Uporabnik\.openjfx\cache\21.0.6+3\amd64\api-ms-win-core-interlocked-l1-1-0.dll
0x0000011ca29f0000 - 0x0000011ca29f3000 	C:\Users\Uporabnik\.openjfx\cache\21.0.6+3\amd64\api-ms-win-core-libraryloader-l1-1-0.dll
0x0000011ca2a00000 - 0x0000011ca2a03000 	C:\Users\Uporabnik\.openjfx\cache\21.0.6+3\amd64\api-ms-win-core-localization-l1-2-0.dll
0x0000011ca2a10000 - 0x0000011ca2a13000 	C:\Users\Uporabnik\.openjfx\cache\21.0.6+3\amd64\api-ms-win-core-memory-l1-1-0.dll
0x0000011ca2a20000 - 0x0000011ca2a23000 	C:\Users\Uporabnik\.openjfx\cache\21.0.6+3\amd64\api-ms-win-core-namedpipe-l1-1-0.dll
0x0000011ca2a30000 - 0x0000011ca2a33000 	C:\Users\Uporabnik\.openjfx\cache\21.0.6+3\amd64\api-ms-win-core-processenvironment-l1-1-0.dll
0x0000011ca2a40000 - 0x0000011ca2a43000 	C:\Users\Uporabnik\.openjfx\cache\21.0.6+3\amd64\api-ms-win-core-processthreads-l1-1-0.dll
0x0000011ca2a50000 - 0x0000011ca2a53000 	C:\Users\Uporabnik\.openjfx\cache\21.0.6+3\amd64\api-ms-win-core-processthreads-l1-1-1.dll
0x0000011cc5d60000 - 0x0000011cc5d63000 	C:\Users\Uporabnik\.openjfx\cache\21.0.6+3\amd64\api-ms-win-core-profile-l1-1-0.dll
0x0000011cc5d70000 - 0x0000011cc5d73000 	C:\Users\Uporabnik\.openjfx\cache\21.0.6+3\amd64\api-ms-win-core-rtlsupport-l1-1-0.dll
0x0000011cc5d80000 - 0x0000011cc5d83000 	C:\Users\Uporabnik\.openjfx\cache\21.0.6+3\amd64\api-ms-win-core-string-l1-1-0.dll
0x0000011cc5d90000 - 0x0000011cc5d93000 	C:\Users\Uporabnik\.openjfx\cache\21.0.6+3\amd64\api-ms-win-core-synch-l1-1-0.dll
0x0000011cc5da0000 - 0x0000011cc5da3000 	C:\Users\Uporabnik\.openjfx\cache\21.0.6+3\amd64\api-ms-win-core-synch-l1-2-0.dll
0x0000011cc5db0000 - 0x0000011cc5db3000 	C:\Users\Uporabnik\.openjfx\cache\21.0.6+3\amd64\api-ms-win-core-sysinfo-l1-1-0.dll
0x0000011cc5dc0000 - 0x0000011cc5dc3000 	C:\Users\Uporabnik\.openjfx\cache\21.0.6+3\amd64\api-ms-win-core-timezone-l1-1-0.dll
0x0000011cc5dd0000 - 0x0000011cc5dd3000 	C:\Users\Uporabnik\.openjfx\cache\21.0.6+3\amd64\api-ms-win-core-util-l1-1-0.dll
0x0000011cc5de0000 - 0x0000011cc5de3000 	C:\Users\Uporabnik\.openjfx\cache\21.0.6+3\amd64\api-ms-win-crt-conio-l1-1-0.dll
0x0000011cc5df0000 - 0x0000011cc5df4000 	C:\Users\Uporabnik\.openjfx\cache\21.0.6+3\amd64\api-ms-win-crt-convert-l1-1-0.dll
0x0000011cc5e00000 - 0x0000011cc5e03000 	C:\Users\Uporabnik\.openjfx\cache\21.0.6+3\amd64\api-ms-win-crt-environment-l1-1-0.dll
0x0000011cc5e10000 - 0x0000011cc5e13000 	C:\Users\Uporabnik\.openjfx\cache\21.0.6+3\amd64\api-ms-win-crt-filesystem-l1-1-0.dll
0x0000011cc5e20000 - 0x0000011cc5e23000 	C:\Users\Uporabnik\.openjfx\cache\21.0.6+3\amd64\api-ms-win-crt-heap-l1-1-0.dll
0x0000011cc5e30000 - 0x0000011cc5e33000 	C:\Users\Uporabnik\.openjfx\cache\21.0.6+3\amd64\api-ms-win-crt-locale-l1-1-0.dll
0x0000011cc5e40000 - 0x0000011cc5e45000 	C:\Users\Uporabnik\.openjfx\cache\21.0.6+3\amd64\api-ms-win-crt-math-l1-1-0.dll
0x0000011cc5e50000 - 0x0000011cc5e55000 	C:\Users\Uporabnik\.openjfx\cache\21.0.6+3\amd64\api-ms-win-crt-multibyte-l1-1-0.dll
0x0000011cc5e60000 - 0x0000011cc5e70000 	C:\Users\Uporabnik\.openjfx\cache\21.0.6+3\amd64\api-ms-win-crt-private-l1-1-0.dll
0x0000011cc5e70000 - 0x0000011cc5e73000 	C:\Users\Uporabnik\.openjfx\cache\21.0.6+3\amd64\api-ms-win-crt-process-l1-1-0.dll
0x0000011cc5e80000 - 0x0000011cc5e84000 	C:\Users\Uporabnik\.openjfx\cache\21.0.6+3\amd64\api-ms-win-crt-runtime-l1-1-0.dll
0x0000011cc5e90000 - 0x0000011cc5e94000 	C:\Users\Uporabnik\.openjfx\cache\21.0.6+3\amd64\api-ms-win-crt-stdio-l1-1-0.dll
0x0000011cc5ea0000 - 0x0000011cc5ea4000 	C:\Users\Uporabnik\.openjfx\cache\21.0.6+3\amd64\api-ms-win-crt-string-l1-1-0.dll
0x0000011cc5eb0000 - 0x0000011cc5eb3000 	C:\Users\Uporabnik\.openjfx\cache\21.0.6+3\amd64\api-ms-win-crt-time-l1-1-0.dll
0x0000011cc5ec0000 - 0x0000011cc5ec3000 	C:\Users\Uporabnik\.openjfx\cache\21.0.6+3\amd64\api-ms-win-crt-utility-l1-1-0.dll
0x00007ffecd450000 - 0x00007ffecd54c000 	C:\Users\Uporabnik\.openjfx\cache\21.0.6+3\amd64\ucrtbase.dll
0x00007fff30450000 - 0x00007fff3046b000 	C:\Users\Uporabnik\.openjfx\cache\21.0.6+3\amd64\vcruntime140.dll
0x00007fff306f0000 - 0x00007fff306fc000 	C:\Users\Uporabnik\.openjfx\cache\21.0.6+3\amd64\vcruntime140_1.dll
0x00007fff1df70000 - 0x00007fff1dffe000 	C:\Users\Uporabnik\.openjfx\cache\21.0.6+3\amd64\msvcp140.dll
0x00007fff2bc10000 - 0x00007fff2bc19000 	C:\Users\Uporabnik\.openjfx\cache\21.0.6+3\amd64\msvcp140_1.dll
0x00007fff1eac0000 - 0x00007fff1eb01000 	C:\Users\Uporabnik\.openjfx\cache\21.0.6+3\amd64\msvcp140_2.dll
0x00007fff1ea90000 - 0x00007fff1eac0000 	C:\Users\Uporabnik\.openjfx\cache\21.0.6+3\amd64\prism_d3d.dll
0x00007ffef9d00000 - 0x00007ffef9eb3000 	C:\Windows\system32\d3d9.dll
0x00007fff40670000 - 0x00007fff406a0000 	C:\Windows\SYSTEM32\dwmapi.dll
0x00007fff406f0000 - 0x00007fff40734000 	C:\Windows\SYSTEM32\dxcore.dll
0x00007fff403b0000 - 0x00007fff4045b000 	C:\Windows\system32\uxtheme.dll
0x00007ffeae410000 - 0x00007ffeae430000 	C:\Windows\System32\DriverStore\FileRepository\u0416742.inf_amd64_6d952d66607f73b0\B416392\atidx9loader64.dll
0x00007ffeabcf0000 - 0x00007ffeae40b000 	C:\Windows\System32\DriverStore\FileRepository\u0416742.inf_amd64_6d952d66607f73b0\B416392\AMDXN64.DLL
0x00007fff46290000 - 0x00007fff46427000 	C:\Windows\System32\ole32.dll
0x00007fff45480000 - 0x00007fff4590a000 	C:\Windows\System32\SETUPAPI.dll
0x00007fff40510000 - 0x00007fff4064b000 	C:\Windows\SYSTEM32\dxgi.dll
0x00007fff43600000 - 0x00007fff4362a000 	C:\Windows\SYSTEM32\BCrypt.dll
0x00007fff37020000 - 0x00007fff3705c000 	C:\Windows\System32\DriverStore\FileRepository\u0416742.inf_amd64_6d952d66607f73b0\B416392\amdihk64.dll
0x00007fff3caa0000 - 0x00007fff3cb03000 	C:\Windows\SYSTEM32\directxdatabasehelper.dll
0x00007fff1d780000 - 0x00007fff1d7c2000 	C:\Users\Uporabnik\.openjfx\cache\21.0.6+3\amd64\glass.dll
0x00007fff44fc0000 - 0x00007fff450b0000 	C:\Windows\System32\COMDLG32.dll
0x00007fff45f50000 - 0x00007fff460ae000 	C:\Windows\System32\MSCTF.dll
0x00007fff1f1e0000 - 0x00007fff1f1f5000 	C:\Users\Uporabnik\.openjfx\cache\21.0.6+3\amd64\javafx_font.dll
0x00007fff3f2a0000 - 0x00007fff3f507000 	C:\Windows\SYSTEM32\dwrite.dll
0x00007fff45340000 - 0x00007fff453f0000 	C:\Windows\System32\clbcatq.dll
0x00007fff3ea20000 - 0x00007fff3ec50000 	C:\Windows\SYSTEM32\WindowsCodecs.dll
0x00007fff15210000 - 0x00007fff1526a000 	C:\Windows\system32\dataexchange.dll
0x00007fff37bc0000 - 0x00007fff37e04000 	C:\Windows\system32\twinapi.appcore.dll
0x00007fff1df40000 - 0x00007fff1df6c000 	C:\Program Files\Common Files\Microsoft Shared\Ink\rtscom.dll
0x00007fff2e990000 - 0x00007fff2ead8000 	C:\Windows\SYSTEM32\textinputframework.dll
0x00007fff3ff00000 - 0x00007fff40027000 	C:\Windows\SYSTEM32\CoreMessaging.dll
0x00007fff3b8c0000 - 0x00007fff3bba2000 	C:\Windows\SYSTEM32\CoreUIComponents.dll
0x00007fff432e0000 - 0x00007fff432ec000 	C:\Windows\SYSTEM32\CRYPTBASE.DLL
0x00007fff1a1c0000 - 0x00007fff1a239000 	C:\Windows\system32\Oleacc.dll
0x00007fff2e4c0000 - 0x00007fff2e51e000 	C:\Windows\system32\ApplicationTargetedFeatureDatabase.dll
0x00007fff41ef0000 - 0x00007fff4201c000 	C:\Windows\SYSTEM32\DNSAPI.dll
0x00007fff41eb0000 - 0x00007fff41ee4000 	C:\Windows\SYSTEM32\IPHLPAPI.DLL
0x00007fff45b20000 - 0x00007fff45b2a000 	C:\Windows\System32\NSI.dll
0x00007fff380c0000 - 0x00007fff380cb000 	C:\Windows\System32\rasadhlp.dll
0x00007fff3d220000 - 0x00007fff3d2a6000 	C:\Windows\System32\fwpuclnt.dll

dbghelp: loaded successfully - version: 4.0.5 - missing functions: none
symbol engine: initialized successfully - sym options: 0x614 - pdb path: .;C:\Users\Uporabnik\.jdks\ms-17.0.17\bin;C:\Windows\SYSTEM32;C:\Windows\WinSxS\amd64_microsoft.windows.common-controls_6595b64144ccf1df_6.0.26100.7309_none_3e05feeae336a044;C:\Users\Uporabnik\.jdks\ms-17.0.17\bin\server;C:\Users\Uporabnik\.openjfx\cache\21.0.6+3\amd64;C:\Windows\System32\DriverStore\FileRepository\u0416742.inf_amd64_6d952d66607f73b0\B416392;C:\Program Files\Common Files\Microsoft Shared\Ink

VM Arguments:
jvm_args: -javaagent:C:\Program Files\JetBrains\IntelliJ IDEA 2025.3.2\lib\idea_rt.jar=52546 -Dfile.encoding=UTF-8 --module-path=C:\Users\Uporabnik\.m2\repository\com\google\code\gson\gson\2.10.1\gson-2.10.1.jar;C:\Users\Uporabnik\Documents\GitHub\Sistem-za-upravljanje-dijakov-v-oli\front-end\target\classes;C:\Users\Uporabnik\.m2\repository\org\openjfx\javafx-fxml\21.0.6\javafx-fxml-21.0.6-win.jar;C:\Users\Uporabnik\.m2\repository\org\openjfx\javafx-base\21.0.6\javafx-base-21.0.6-win.jar;C:\Users\Uporabnik\.m2\repository\org\openjfx\javafx-controls\21.0.6\javafx-controls-21.0.6-win.jar;C:\Users\Uporabnik\.m2\repository\org\openjfx\javafx-graphics\21.0.6\javafx-graphics-21.0.6-win.jar -Djdk.module.main=com.example.frontend 
java_command: com.example.frontend/com.example.frontend.Main
java_class_path (initial): C:\Users\Uporabnik\.m2\repository\org\openjfx\javafx-controls\21.0.6\javafx-controls-21.0.6.jar;C:\Users\Uporabnik\.m2\repository\org\openjfx\javafx-graphics\21.0.6\javafx-graphics-21.0.6.jar;C:\Users\Uporabnik\.m2\repository\org\openjfx\javafx-base\21.0.6\javafx-base-21.0.6.jar;C:\Users\Uporabnik\.m2\repository\org\openjfx\javafx-fxml\21.0.6\javafx-fxml-21.0.6.jar;C:\Users\Uporabnik\.m2\repository\com\fasterxml\jackson\core\jackson-databind\2.17.2\jackson-databind-2.17.2.jar;C:\Users\Uporabnik\.m2\repository\com\fasterxml\jackson\core\jackson-annotations\2.17.2\jackson-annotations-2.17.2.jar;C:\Users\Uporabnik\.m2\repository\com\fasterxml\jackson\core\jackson-core\2.17.2\jackson-core-2.17.2.jar
Launcher Type: SUN_STANDARD

[Global flags]
     intx CICompilerCount                          = 4                                         {product} {ergonomic}
     uint ConcGCThreads                            = 3                                         {product} {ergonomic}
     uint G1ConcRefinementThreads                  = 10                                        {product} {ergonomic}
   size_t G1HeapRegionSize                         = 2097152                                   {product} {ergonomic}
    uintx GCDrainStackTargetSize                   = 64                                        {product} {ergonomic}
   size_t InitialHeapSize                          = 257949696                                 {product} {ergonomic}
   size_t MarkStackSize                            = 4194304                                   {product} {ergonomic}
   size_t MaxHeapSize                              = 4097835008                                {product} {ergonomic}
   size_t MaxNewSize                               = 2457862144                                {product} {ergonomic}
   size_t MinHeapDeltaBytes                        = 2097152                                   {product} {ergonomic}
   size_t MinHeapSize                              = 8388608                                   {product} {ergonomic}
    uintx NonNMethodCodeHeapSize                   = 5839372                                {pd product} {ergonomic}
    uintx NonProfiledCodeHeapSize                  = 122909434                              {pd product} {ergonomic}
    uintx ProfiledCodeHeapSize                     = 122909434                              {pd product} {ergonomic}
    uintx ReservedCodeCacheSize                    = 251658240                              {pd product} {ergonomic}
     bool SegmentedCodeCache                       = true                                      {product} {ergonomic}
   size_t SoftMaxHeapSize                          = 4097835008                             {manageable} {ergonomic}
     bool UseCompressedClassPointers               = true                           {product lp64_product} {ergonomic}
     bool UseCompressedOops                        = true                           {product lp64_product} {ergonomic}
     bool UseG1GC                                  = true                                      {product} {ergonomic}
     bool UseLargePagesIndividualAllocation        = false                                  {pd product} {ergonomic}

Logging:
Log output configuration:
 #0: stdout all=off uptime,level,tags
 #1: stderr all=off uptime,level,tags

Environment Variables:
PATH=C:\Program Files (x86)\Common Files\Oracle\Java\javapath;C:\Windows\system32;C:\Windows;C:\Windows\System32\Wbem;C:\Windows\System32\WindowsPowerShell\v1.0\;C:\Windows\System32\OpenSSH\;C:\Program Files\Microsoft SQL Server\150\Tools\Binn\;C:\Program Files\Microsoft SQL Server\Client SDK\ODBC\170\Tools\Binn\;C:\Program Files\dotnet\;C:\Program Files (x86)\Windows Kits\10\Windows Performance Toolkit\;C:\xampp\php;C:\ProgramData\ComposerSetup\bin;C:\Program Files\Git\cmd;C:\Users\Uporabnik\AppData\Local\Programs\Python\Python313\Scripts\;C:\Users\Uporabnik\AppData\Local\Programs\Python\Python313\;C:\Users\Uporabnik\AppData\Local\Microsoft\WindowsApps;C:\Users\Uporabnik\AppData\Local\Programs\Microsoft VS Code\bin;C:\Users\Uporabnik\.dotnet\tools;C:\Users\Uporabnik\AppData\Roaming\Composer\vendor\bin;C:\xampp\php;C:\Program Files\7-Zip;C:\xampp\htdocs\subcription\index.php;C:\Users\Uporabnik\AppData\Local\GitHubDesktop\bin
USERNAME=Uporabnik
OS=Windows_NT
PROCESSOR_IDENTIFIER=AMD64 Family 25 Model 117 Stepping 2, AuthenticAMD
TMP=C:\Users\UPORAB~1\AppData\Local\Temp
TEMP=C:\Users\UPORAB~1\AppData\Local\Temp



Periodic native trim disabled


---------------  S Y S T E M  ---------------

OS:
 Windows 11 , 64 bit Build 26100 (10.0.26100.7623)
OS uptime: 4 days 2:55 hours
Hyper-V role detected

CPU: total 12 (initial active 12) (12 cores per cpu, 2 threads per core) family 25 model 117 stepping 2 microcode 0xa70520a, cx8, cmov, fxsr, ht, mmx, 3dnowpref, sse, sse2, sse3, ssse3, sse4a, sse4.1, sse4.2, popcnt, lzcnt, tsc, tscinvbit, avx, avx2, aes, erms, clmul, bmi1, bmi2, adx, avx512f, avx512dq, avx512cd, avx512bw, avx512vl, sha, fma, vzeroupper, avx512_vpopcntdq, avx512_vpclmulqdq, avx512_vaes, avx512_vnni, clflush, clflushopt, avx512_vbmi2, avx512_vbmi, hv
Processor Information for the first 12 processors :
  Max Mhz: 3501, Current Mhz: 2486, Mhz Limit: 3501

Memory: 4k page, system-wide physical 15624M (2279M free)
TotalPageFile size 33032M (AvailPageFile size 6647M)
current process WorkingSet (physical memory assigned to process): 272M, peak: 313M
current process commit charge ("private bytes"): 517M, peak: 563M

vm_info: OpenJDK 64-Bit Server VM (17.0.17+10-LTS) for windows-amd64 JRE (17.0.17+10-LTS), built on Oct 13 2025 22:19:56 by "MicrosoftCorporation" with unknown MS VC++:1944

END.
